
> frontend-next@0.1.0 build
> next build

Ôû▓ Next.js 16.2.1 (Turbopack)
- Environments: .env.local

  Creating an optimized production build ...
Ô£ô Compiled successfully in 4.3s
  Running TypeScript ...
node.exe : Failed to type check.
At line:1 char:1
+ & "C:\Program Files\nodejs/node.exe" 
"C:\Program Files\nodejs/node_mo ...
+ ~~~~~~~~~~~~~~~~~~~~~~~~~~~~~~~~~~~~~~~~~~~
~~~~~~~~~~~~~~~~~~~~~~~~~~
    + CategoryInfo          : NotSpecified:  
   (Failed to type check.:String) [], Remot  
  eException
    + FullyQualifiedErrorId : NativeCommandE 
   rror
 

./src/app/dashboard/page.tsx:76:5
Type error: Cannot find name 'router'.

  [90m74 |[0m       [36mawait[0m 
supabase.auth.signOut();
  [90m75 |[0m     }
[31m[1m>[0m [90m76 |[0m     
router.push([32m'/login'[0m);
  [90m   |[0m     [31m[1m^[0m
  [90m77 |[0m   };
  [90m78 |[0m
  [90m79 |[0m   [90m// Live counter 
tickers for a dynamic feel statically[0m
Next.js build worker exited with code: 1 and 
signal: null
