.next/types/validator.ts(130,39): error TS2307: Cannot find module '../../src/app/micro-erp/page.js' or its corresponding type declarations.
